Using pre-set license
Built from '6000.0/staging' branch; Version is '6000.0.37f1 (090b7797214c) revision 592759'; Using compiler version '193933523'; Build Type 'Release'
OS: 'Windows 10  (10.0.19045) 64bit Professional' Language: 'en' Physical Memory: 65480 MB
BatchMode: 1, IsHumanControllingUs: 0, StartBugReporterOnCrash: 0, Is64bit: 1, IsPro: 1

COMMAND LINE ARGUMENTS:
C:\Program Files\Unity\Hub\Editor\6000.0.37f1\Editor\Unity.exe
-adb2
-batchMode
-noUpm
-name
AssetImportWorker0
-projectPath
C:/Users/USER/Documents/DevPriority/AmitlaWorld/URPSandbox/URPSandbox
-logFile
Logs/AssetImportWorker0.log
-srvPort
54636
-job-worker-count
7
-background-job-worker-count
8
-gc-helper-count
1
Successfully changed project path to: C:/Users/USER/Documents/DevPriority/AmitlaWorld/URPSandbox/URPSandbox
C:/Users/USER/Documents/DevPriority/AmitlaWorld/URPSandbox/URPSandbox
[UnityMemory] Configuration Parameters - Can be set up in boot.config
    "memorysetup-bucket-allocator-granularity=16"
    "memorysetup-bucket-allocator-bucket-count=8"
    "memorysetup-bucket-allocator-block-size=33554432"
    "memorysetup-bucket-allocator-block-count=8"
    "memorysetup-main-allocator-block-size=16777216"
    "memorysetup-thread-allocator-block-size=16777216"
    "memorysetup-gfx-main-allocator-block-size=16777216"
    "memorysetup-gfx-thread-allocator-block-size=16777216"
    "memorysetup-cache-allocator-block-size=4194304"
    "memorysetup-typetree-allocator-block-size=2097152"
    "memorysetup-profiler-bucket-allocator-granularity=16"
    "memorysetup-profiler-bucket-allocator-bucket-count=8"
    "memorysetup-profiler-bucket-allocator-block-size=33554432"
    "memorysetup-profiler-bucket-allocator-block-count=8"
    "memorysetup-profiler-allocator-block-size=16777216"
    "memorysetup-profiler-editor-allocator-block-size=1048576"
    "memorysetup-temp-allocator-size-main=16777216"
    "memorysetup-job-temp-allocator-block-size=2097152"
    "memorysetup-job-temp-allocator-block-size-background=1048576"
    "memorysetup-job-temp-allocator-reduction-small-platforms=262144"
    "memorysetup-allocator-temp-initial-block-size-main=262144"
    "memorysetup-allocator-temp-initial-block-size-worker=262144"
    "memorysetup-temp-allocator-size-background-worker=32768"
    "memorysetup-temp-allocator-size-job-worker=262144"
    "memorysetup-temp-allocator-size-preload-manager=33554432"
    "memorysetup-temp-allocator-size-nav-mesh-worker=65536"
    "memorysetup-temp-allocator-size-audio-worker=65536"
    "memorysetup-temp-allocator-size-cloud-worker=32768"
    "memorysetup-temp-allocator-size-gi-baking-worker=262144"
    "memorysetup-temp-allocator-size-gi-baking-worker=262144"
    "memorysetup-temp-allocator-size-gi-baking-worker=262144"
    "memorysetup-temp-allocator-size-gi-baking-worker=262144"
    "memorysetup-temp-allocator-size-gi-baking-worker=262144"
    "memorysetup-temp-allocator-size-gfx=262144"
Player connection [17696]  Target information:

Player connection [17696]  * "[IP] 192.168.1.67 [Port] 0 [Flags] 2 [Guid] 2265038302 [EditorId] 2265038302 [Version] 1048832 [Id] WindowsEditor(7,User9150-PC) [Debug] 1 [PackageName] WindowsEditor [ProjectName] Editor" 

Player connection [17696] Host joined multi-casting on [225.0.0.222:54997]...
Player connection [17696] Host joined alternative multi-casting on [225.0.0.222:34997]...
JobSystem: Creating JobQueue using job-worker-count value 7
Input System module state changed to: Initialized.
[Physics::Module] Initialized fallback backend.
[Physics::Module] Id: 0xdecafbad
Library Redirect Path: Library/
[Physics::Module] Selected backend.
[Physics::Module] Name: PhysX
[Physics::Module] Id: 0xf2b8ea05
[Physics::Module] SDK Version: 4.1.2
[Physics::Module] Integration Version: 1.0.0
[Physics::Module] Threading Mode: Multi-Threaded
Refreshing native plugins compatible for Editor in 1.51 ms, found 3 plugins.
Preloading 0 native plugins for Editor in 0.00 ms.
Initialize engine version: 6000.0.37f1 (090b7797214c)
[Subsystems] Discovering subsystems at path C:/Program Files/Unity/Hub/Editor/6000.0.37f1/Editor/Data/Resources/UnitySubsystems
[Subsystems] Discovering subsystems at path C:/Users/USER/Documents/DevPriority/AmitlaWorld/URPSandbox/URPSandbox/Assets
GfxDevice: creating device client; kGfxThreadingModeNonThreaded
Direct3D:
    Version:  Direct3D 11.0 [level 11.1]
    Renderer: NVIDIA GeForce RTX 3060 (ID=0x2504)
    Vendor:   NVIDIA
    VRAM:     12115 MB
    Driver:   32.0.15.7216
Initialize mono
Mono path[0] = 'C:/Program Files/Unity/Hub/Editor/6000.0.37f1/Editor/Data/Managed'
Mono path[1] = 'C:/Program Files/Unity/Hub/Editor/6000.0.37f1/Editor/Data/MonoBleedingEdge/lib/mono/unityjit-win32'
Mono config path = 'C:/Program Files/Unity/Hub/Editor/6000.0.37f1/Editor/Data/MonoBleedingEdge/etc'
Using monoOptions --debugger-agent=transport=dt_socket,embedding=1,server=y,suspend=n,address=127.0.0.1:56388
Begin MonoManager ReloadAssembly
Registering precompiled unity dll's ...
Register platform support module: C:/Program Files/Unity/Hub/Editor/6000.0.37f1/Editor/Data/PlaybackEngines/WebGLSupport/UnityEditor.WebGL.Extensions.dll
Register platform support module: C:/Program Files/Unity/Hub/Editor/6000.0.37f1/Editor/Data/PlaybackEngines/WindowsStandaloneSupport/UnityEditor.WindowsStandalone.Extensions.dll
Register platform support module: C:/Program Files/Unity/Hub/Editor/6000.0.37f1/Editor/Data/PlaybackEngines/AndroidPlayer/UnityEditor.Android.Extensions.dll
Registered in 0.003729 seconds.
- Loaded All Assemblies, in  0.324 seconds
Native extension for Android target not found
Android Extension - Scanning For ADB Devices 187 ms
Native extension for WindowsStandalone target not found
Native extension for WebGL target not found
Mono: successfully reloaded assembly
- Finished resetting the current domain, in  0.490 seconds
Domain Reload Profiling: 813ms
	BeginReloadAssembly (107ms)
		ExecutionOrderSort (0ms)
		DisableScriptedObjects (0ms)
		BackupInstance (0ms)
		ReleaseScriptingObjects (0ms)
		CreateAndSetChildDomain (1ms)
	RebuildCommonClasses (32ms)
	RebuildNativeTypeToScriptingClass (9ms)
	initialDomainReloadingComplete (42ms)
	LoadAllAssembliesAndSetupDomain (132ms)
		LoadAssemblies (106ms)
		RebuildTransferFunctionScriptingTraits (0ms)
		AnalyzeDomain (129ms)
			TypeCache.Refresh (128ms)
				TypeCache.ScanAssembly (118ms)
			BuildScriptInfoCaches (0ms)
			ResolveRequiredComponents (0ms)
	FinalizeReload (491ms)
		ReleaseScriptCaches (0ms)
		RebuildScriptCaches (0ms)
		SetupLoadedEditorAssemblies (464ms)
			LogAssemblyErrors (0ms)
			InitializePlatformSupportModulesInManaged (260ms)
			SetLoadedEditorAssemblies (4ms)
			BeforeProcessingInitializeOnLoad (48ms)
			ProcessInitializeOnLoadAttributes (101ms)
			ProcessInitializeOnLoadMethodAttributes (51ms)
			AfterProcessingInitializeOnLoad (0ms)
			EditorAssembliesLoaded (0ms)
		ExecutionOrderSort2 (0ms)
		AwakeInstancesAfterBackupRestoration (0ms)
========================================================================
Worker process is ready to serve import requests
Import Worker Mode flag is 0x00
Begin MonoManager ReloadAssembly
- Loaded All Assemblies, in  0.667 seconds
Refreshing native plugins compatible for Editor in 0.84 ms, found 3 plugins.
Native extension for Android target not found
Native extension for WindowsStandalone target not found
Native extension for WebGL target not found
Mono: successfully reloaded assembly
- Finished resetting the current domain, in  0.718 seconds
Domain Reload Profiling: 1382ms
	BeginReloadAssembly (146ms)
		ExecutionOrderSort (0ms)
		DisableScriptedObjects (6ms)
		BackupInstance (0ms)
		ReleaseScriptingObjects (0ms)
		CreateAndSetChildDomain (26ms)
	RebuildCommonClasses (29ms)
	RebuildNativeTypeToScriptingClass (9ms)
	initialDomainReloadingComplete (34ms)
	LoadAllAssembliesAndSetupDomain (445ms)
		LoadAssemblies (333ms)
		RebuildTransferFunctionScriptingTraits (0ms)
		AnalyzeDomain (199ms)
			TypeCache.Refresh (145ms)
				TypeCache.ScanAssembly (131ms)
			BuildScriptInfoCaches (43ms)
			ResolveRequiredComponents (9ms)
	FinalizeReload (718ms)
		ReleaseScriptCaches (0ms)
		RebuildScriptCaches (0ms)
		SetupLoadedEditorAssemblies (587ms)
			LogAssemblyErrors (0ms)
			InitializePlatformSupportModulesInManaged (10ms)
			SetLoadedEditorAssemblies (5ms)
			BeforeProcessingInitializeOnLoad (148ms)
			ProcessInitializeOnLoadAttributes (339ms)
			ProcessInitializeOnLoadMethodAttributes (80ms)
			AfterProcessingInitializeOnLoad (4ms)
			EditorAssembliesLoaded (0ms)
		ExecutionOrderSort2 (0ms)
		AwakeInstancesAfterBackupRestoration (4ms)
Launched and connected shader compiler UnityShaderCompiler.exe after 0.01 seconds
Refreshing native plugins compatible for Editor in 2.29 ms, found 3 plugins.
Preloading 0 native plugins for Editor in 0.00 ms.
Unloading 216 Unused Serialized files (Serialized files now loaded: 0)
Unloading 5989 unused Assets / (7.1 MB). Loaded Objects now: 6684.
Memory consumption went from 163.0 MB to 155.9 MB.
Total: 14.325700 ms (FindLiveObjects: 1.167900 ms CreateObjectMapping: 0.975600 ms MarkObjects: 7.564100 ms  DeleteObjects: 4.616300 ms)

========================================================================
Received Import Request.
  Time since last request: 9405.086140 seconds.
  path: Assets/_Project/Textures/numberParticleMat.mat
  artifactKey: Guid(f1b8b891e291f3a419b36e62ca842155) Importer(815301076,1909f56bfc062723c751e8b465ee728b)
Start importing Assets/_Project/Textures/numberParticleMat.mat using Guid(f1b8b891e291f3a419b36e62ca842155) Importer(815301076,1909f56bfc062723c751e8b465ee728b) (PreviewImporter) -> (artifact id: 'f7a7b48f2ba51b4d9c4aed7c52a9be8d') in 0.4805424 seconds
Number of updated asset objects reloaded before import = 0Number of asset objects unloaded after import = 3

========================================================================
Received Import Request.
  Time since last request: 112.275890 seconds.
  path: Assets/_Project/CorruptionObjectSpace.prefab
  artifactKey: Guid(3fd0bdc532034954aa61ec71a2d29c7a) Importer(815301076,1909f56bfc062723c751e8b465ee728b)
Start importing Assets/_Project/CorruptionObjectSpace.prefab using Guid(3fd0bdc532034954aa61ec71a2d29c7a) Importer(815301076,1909f56bfc062723c751e8b465ee728b) (PreviewImporter) -> (artifact id: '3968ab80d8c00e7b28b3cd3e5d8e2535') in 0.3315039 seconds
Number of updated asset objects reloaded before import = 2Number of asset objects unloaded after import = 18

========================================================================
Received Import Request.
  Time since last request: 14.202381 seconds.
  path: Assets/_Project/CorruptionObjectSpace.prefab
  artifactKey: Guid(3fd0bdc532034954aa61ec71a2d29c7a) Importer(815301076,1909f56bfc062723c751e8b465ee728b)
Start importing Assets/_Project/CorruptionObjectSpace.prefab using Guid(3fd0bdc532034954aa61ec71a2d29c7a) Importer(815301076,1909f56bfc062723c751e8b465ee728b) (PreviewImporter) -> (artifact id: '73cab5ab7918a44c30c1b559fae4a981') in 0.1450294 seconds
Number of updated asset objects reloaded before import = 1Number of asset objects unloaded after import = 18

========================================================================
Received Import Request.
  Time since last request: 34.638296 seconds.
  path: Assets/_Project/testdecal.shadergraph
  artifactKey: Guid(32a16592b494aed41b24141a596cb212) Importer(815301076,1909f56bfc062723c751e8b465ee728b)
Start importing Assets/_Project/testdecal.shadergraph using Guid(32a16592b494aed41b24141a596cb212) Importer(815301076,1909f56bfc062723c751e8b465ee728b) (PreviewImporter) -> (artifact id: 'c57042183af853557c8b729e7d66595b') in 0.5646142 seconds
Number of updated asset objects reloaded before import = 0Number of asset objects unloaded after import = 2

========================================================================
Received Import Request.
  Time since last request: 12.846122 seconds.
  path: Assets/_Project/testDecalMat.mat
  artifactKey: Guid(f9e384989a9055c48bcf7321529b177e) Importer(815301076,1909f56bfc062723c751e8b465ee728b)
Start importing Assets/_Project/testDecalMat.mat using Guid(f9e384989a9055c48bcf7321529b177e) Importer(815301076,1909f56bfc062723c751e8b465ee728b) (PreviewImporter) -> (artifact id: 'fda323c3ac6d3ded8eb7af062af50ddd') in 0.0358079 seconds
Number of updated asset objects reloaded before import = 0Number of asset objects unloaded after import = 2

========================================================================
Received Import Request.
  Time since last request: 31.687727 seconds.
  path: Assets/_Project/testDecalMat.mat
  artifactKey: Guid(f9e384989a9055c48bcf7321529b177e) Importer(815301076,1909f56bfc062723c751e8b465ee728b)
Start importing Assets/_Project/testDecalMat.mat using Guid(f9e384989a9055c48bcf7321529b177e) Importer(815301076,1909f56bfc062723c751e8b465ee728b) (PreviewImporter) -> (artifact id: 'e5818f193433fe457ff46302aafc15a4') in 0.5757312 seconds
Number of updated asset objects reloaded before import = 0Number of asset objects unloaded after import = 2

========================================================================
Received Import Request.
  Time since last request: 35.874458 seconds.
  path: Assets/_Project/Shaders&Mats/crackMat.mat
  artifactKey: Guid(0448ca8b936571d4490f44f208f05388) Importer(815301076,1909f56bfc062723c751e8b465ee728b)
Start importing Assets/_Project/Shaders&Mats/crackMat.mat using Guid(0448ca8b936571d4490f44f208f05388) Importer(815301076,1909f56bfc062723c751e8b465ee728b) (PreviewImporter) -> (artifact id: '745751523ec9c17d8f2c1bddfe25b1c4') in 0.6081815 seconds
Number of updated asset objects reloaded before import = 1Number of asset objects unloaded after import = 4

========================================================================
Received Import Request.
  Time since last request: 82.327358 seconds.
  path: Assets/_Project/Shaders&Mats/GlitchHoleSubGraph.shadersubgraph
  artifactKey: Guid(3a4ba886f7d27364fb11ee1b5d17743e) Importer(815301076,1909f56bfc062723c751e8b465ee728b)
Start importing Assets/_Project/Shaders&Mats/GlitchHoleSubGraph.shadersubgraph using Guid(3a4ba886f7d27364fb11ee1b5d17743e) Importer(815301076,1909f56bfc062723c751e8b465ee728b) (PreviewImporter) -> (artifact id: 'a5c3acc4a61bf8cb80884b1da497afc2') in 0.0023962 seconds
Number of updated asset objects reloaded before import = 1Number of asset objects unloaded after import = 1

========================================================================
Received Import Request.
  Time since last request: 0.000027 seconds.
  path: Assets/_Project/Shaders&Mats/GlitchProjector.prefab
  artifactKey: Guid(81620caa1ad8df84ab37a5b42a8a46e1) Importer(815301076,1909f56bfc062723c751e8b465ee728b)
Start importing Assets/_Project/Shaders&Mats/GlitchProjector.prefab using Guid(81620caa1ad8df84ab37a5b42a8a46e1) Importer(815301076,1909f56bfc062723c751e8b465ee728b) (PreviewImporter) -> (artifact id: '3eb9e96527965fd2cbb6aea1d8465139') in 0.0270568 seconds
Number of updated asset objects reloaded before import = 0Number of asset objects unloaded after import = 22

========================================================================
Received Import Request.
  Time since last request: 6.121201 seconds.
  path: Assets/_Project/Shaders&Mats/GlitchHoleSubGraph.shadersubgraph
  artifactKey: Guid(3a4ba886f7d27364fb11ee1b5d17743e) Importer(815301076,1909f56bfc062723c751e8b465ee728b)
Start importing Assets/_Project/Shaders&Mats/GlitchHoleSubGraph.shadersubgraph using Guid(3a4ba886f7d27364fb11ee1b5d17743e) Importer(815301076,1909f56bfc062723c751e8b465ee728b) (PreviewImporter) -> (artifact id: 'cc091c427044d5c008aa31749a8015d7') in 0.0013208 seconds
Number of updated asset objects reloaded before import = 1Number of asset objects unloaded after import = 1

========================================================================
Received Import Request.
  Time since last request: 0.000021 seconds.
  path: Assets/_Project/Shaders&Mats/GlitchProjector.prefab
  artifactKey: Guid(81620caa1ad8df84ab37a5b42a8a46e1) Importer(815301076,1909f56bfc062723c751e8b465ee728b)
Start importing Assets/_Project/Shaders&Mats/GlitchProjector.prefab using Guid(81620caa1ad8df84ab37a5b42a8a46e1) Importer(815301076,1909f56bfc062723c751e8b465ee728b) (PreviewImporter) -> (artifact id: '25fe3613d9a754bfc5b94888f1f9afcb') in 0.0182829 seconds
Number of updated asset objects reloaded before import = 0Number of asset objects unloaded after import = 22

========================================================================
Received Import Request.
  Time since last request: 18.653164 seconds.
  path: Assets/_Project/Shaders&Mats/GlitchHoleSubGraph.shadersubgraph
  artifactKey: Guid(3a4ba886f7d27364fb11ee1b5d17743e) Importer(815301076,1909f56bfc062723c751e8b465ee728b)
Start importing Assets/_Project/Shaders&Mats/GlitchHoleSubGraph.shadersubgraph using Guid(3a4ba886f7d27364fb11ee1b5d17743e) Importer(815301076,1909f56bfc062723c751e8b465ee728b) (PreviewImporter) -> (artifact id: '1ecf5e4eb8b9beb29b622c1593fade35') in 0.0031087 seconds
Number of updated asset objects reloaded before import = 1Number of asset objects unloaded after import = 1

========================================================================
Received Import Request.
  Time since last request: 0.000038 seconds.
  path: Assets/_Project/Shaders&Mats/GlitchProjector.prefab
  artifactKey: Guid(81620caa1ad8df84ab37a5b42a8a46e1) Importer(815301076,1909f56bfc062723c751e8b465ee728b)
Start importing Assets/_Project/Shaders&Mats/GlitchProjector.prefab using Guid(81620caa1ad8df84ab37a5b42a8a46e1) Importer(815301076,1909f56bfc062723c751e8b465ee728b) (PreviewImporter) -> (artifact id: 'f6d8bb675598ceafa54e19f7d7e8608d') in 0.0187518 seconds
Number of updated asset objects reloaded before import = 0Number of asset objects unloaded after import = 22

========================================================================
Received Import Request.
  Time since last request: 45.348726 seconds.
  path: Assets/_Project/Shaders&Mats/GlitchHoleSubGraph.shadersubgraph
  artifactKey: Guid(3a4ba886f7d27364fb11ee1b5d17743e) Importer(815301076,1909f56bfc062723c751e8b465ee728b)
Start importing Assets/_Project/Shaders&Mats/GlitchHoleSubGraph.shadersubgraph using Guid(3a4ba886f7d27364fb11ee1b5d17743e) Importer(815301076,1909f56bfc062723c751e8b465ee728b) (PreviewImporter) -> (artifact id: 'bfc3930617e76180f4d60272aaf01a4a') in 0.0012535 seconds
Number of updated asset objects reloaded before import = 1Number of asset objects unloaded after import = 1

========================================================================
Received Import Request.
  Time since last request: 0.000028 seconds.
  path: Assets/_Project/Shaders&Mats/GlitchProjector.prefab
  artifactKey: Guid(81620caa1ad8df84ab37a5b42a8a46e1) Importer(815301076,1909f56bfc062723c751e8b465ee728b)
Start importing Assets/_Project/Shaders&Mats/GlitchProjector.prefab using Guid(81620caa1ad8df84ab37a5b42a8a46e1) Importer(815301076,1909f56bfc062723c751e8b465ee728b) (PreviewImporter) -> (artifact id: 'bc6440603e812712e68a4e4fa03240d5') in 0.0185082 seconds
Number of updated asset objects reloaded before import = 0Number of asset objects unloaded after import = 22

